// Jest Snapshot v1, https://goo.gl/fbAQLP

exports[`NotFound page renders as expected 1`] = `"<div class=\\"sc-bdfBwQ jYzGAO\\">The page you are looking for does not exist.</div>"`;
