// Jest Snapshot v1, https://goo.gl/fbAQLP

exports[`GameCard renders as expected 1`] = `"<div class=\\"sc-bdfBwQ grXAio\\"><span>Name: test game</span><br><span>Id: abcdefg</span></div>"`;
