// Jest Snapshot v1, https://goo.gl/fbAQLP

exports[`Run board renders with leaderboard from SRC 1`] = `"<thead><tr role=\\"row\\" class=\\"sc-gsTCUz kGUbwO\\"><th colspan=\\"1\\" role=\\"columnheader\\">Position</th><th colspan=\\"1\\" role=\\"columnheader\\">Time</th><th colspan=\\"1\\" role=\\"columnheader\\">Player</th><th colspan=\\"1\\" role=\\"columnheader\\">Number of strats</th></tr></thead><tbody role=\\"rowgroup\\"><tr role=\\"row\\" class=\\"sc-gsTCUz dGdWN\\"><td role=\\"cell\\" class=\\"sc-dlfnbm hWxGDI\\">1</td><td role=\\"cell\\" class=\\"sc-dlfnbm hWxGDI\\">1h 07m 46s</td><td role=\\"cell\\" class=\\"sc-dlfnbm hWxGDI\\">expireddata</td><td role=\\"cell\\" class=\\"sc-dlfnbm hWxGDI\\">1</td></tr><tr role=\\"row\\" class=\\"sc-gsTCUz eHhEwV\\"><td role=\\"cell\\" class=\\"sc-dlfnbm hWxGDI\\">2</td><td role=\\"cell\\" class=\\"sc-dlfnbm hWxGDI\\">1h 13m 52s</td><td role=\\"cell\\" class=\\"sc-dlfnbm hWxGDI\\">Mattie</td><td role=\\"cell\\" class=\\"sc-dlfnbm hWxGDI\\">0</td></tr><tr role=\\"row\\" class=\\"sc-gsTCUz dGdWN\\"><td role=\\"cell\\" class=\\"sc-dlfnbm hWxGDI\\">3</td><td role=\\"cell\\" class=\\"sc-dlfnbm hWxGDI\\">1h 14m 53s</td><td role=\\"cell\\" class=\\"sc-dlfnbm hWxGDI\\">Zockende_Socke</td><td role=\\"cell\\" class=\\"sc-dlfnbm hWxGDI\\">0</td></tr></tbody>"`;

exports[`Run board renders with non strat runs 1`] = `"<thead><tr role=\\"row\\" class=\\"sc-gsTCUz kGUbwO\\"><th colspan=\\"1\\" role=\\"columnheader\\">Position</th><th colspan=\\"1\\" role=\\"columnheader\\">Time</th><th colspan=\\"1\\" role=\\"columnheader\\">Player</th><th colspan=\\"1\\" role=\\"columnheader\\">Number of strats</th></tr></thead><tbody role=\\"rowgroup\\"><tr role=\\"row\\" class=\\"sc-gsTCUz dGdWN\\"><td role=\\"cell\\" class=\\"sc-dlfnbm hWxGDI\\">1</td><td role=\\"cell\\" class=\\"sc-dlfnbm hWxGDI\\">1h 07m 46s</td><td role=\\"cell\\" class=\\"sc-dlfnbm hWxGDI\\">expireddata</td><td role=\\"cell\\" class=\\"sc-dlfnbm hWxGDI\\">1</td></tr><tr role=\\"row\\" class=\\"sc-gsTCUz eHhEwV\\"><td role=\\"cell\\" class=\\"sc-dlfnbm hWxGDI\\">2</td><td role=\\"cell\\" class=\\"sc-dlfnbm hWxGDI\\">1h 13m 52s</td><td role=\\"cell\\" class=\\"sc-dlfnbm hWxGDI\\">Mattie</td><td role=\\"cell\\" class=\\"sc-dlfnbm hWxGDI\\">0</td></tr><tr role=\\"row\\" class=\\"sc-gsTCUz dGdWN\\"><td role=\\"cell\\" class=\\"sc-dlfnbm hWxGDI\\">3</td><td role=\\"cell\\" class=\\"sc-dlfnbm hWxGDI\\">1h 14m 53s</td><td role=\\"cell\\" class=\\"sc-dlfnbm hWxGDI\\">Zockende_Socke</td><td role=\\"cell\\" class=\\"sc-dlfnbm hWxGDI\\">0</td></tr></tbody>"`;
